[32m2026-09-08 10:14:18[0m | [1mINFO    [0m | [36mmain                [0m | T4A Radar starting
[32m2026-09-08 10:14:18[0m | [33m[1mWARNING [0m | [36msource_aggregator   [0m | TWITTER_BEARER_TOKEN not set — skipping Twitter source
[32m2026-09-08 10:14:18[0m | [1mINFO    [0m | [36msource_aggregator   [0m | Initialized 5 source connectors: ['news_rss', 'reddit', 'gdelt', 'parliament', 'court']
[32m2026-09-08 10:14:19[0m | [1mINFO    [0m | [36msilence_detector    [0m | Tracking: INST-0001 [bill_reading] "Parliament budget session session opens" importance=0.51
[32m2026-09-08 10:14:19[0m | [1mINFO    [0m | [36msilence_detector    [0m | Tracking: INST-0002 [budget_allocation] "Budget 2027 presentation" importance=0.54
[32m2026-09-08 10:14:19[0m | [1mINFO    [0m | [36msilence_detector    [0m | Tracking: INST-0003 [national_policy] "Reformasi Anniversary" importance=0.40
[32m2026-09-08 10:14:19[0m | [1mINFO    [0m | [36msilence_detector    [0m | Tracking: INST-0004 [national_policy] "Malaysia Day" importance=0.45
[32m2026-09-08 10:14:19[0m | [1mINFO    [0m | [36msilence_detector    [0m | Tracking: INST-0005 [national_policy] "Merdeka" importance=0.40
[32m2026-09-08 10:14:19[0m | [1mINFO    [0m | [36mstreams             [0m | Initialized 6/6 streams: ['volume_monitor', 'cascade_tracker', 'polarization', 'narrative_fragmentation', 'network_bridge', 'silence_detector']
[32m2026-09-08 10:14:19[0m | [1mINFO    [0m | [36mstate               [0m | Loaded state from /home/runner/work/tessera/tessera/radar/output/state.json
[32m2026-09-08 10:14:19[0m | [1mINFO    [0m | [36mfusion              [0m | Loaded 9700 topics from state
[32m2026-09-08 10:14:19[0m | [1mINFO    [0m | [36mmain                [0m | Running single cycle (--once)
[32m2026-09-08 10:14:19[0m | [1mINFO    [0m | [36mcycle               [0m | Cycle started at 2026-09-08T10:14:19.861750+00:00
[32m2026-09-08 10:14:20[0m | [33m[1mWARNING [0m | [36msource.news_rss     [0m | Feed The Star returned no entries (bozo=1)
[32m2026-09-08 10:14:22[0m | [33m[1mWARNING [0m | [36msource.news_rss     [0m | Feed NHK World returned no entries (bozo=1)
[32m2026-09-08 10:14:24[0m | [33m[1mWARNING [0m | [36msource.news_rss     [0m | Feed Caixin Global returned no entries (bozo=1)
[32m2026-09-08 10:14:24[0m | [33m[1mWARNING [0m | [36msource.news_rss     [0m | Feed Jakarta Post returned no entries (bozo=1)
[32m2026-09-08 10:14:27[0m | [33m[1mWARNING [0m | [36msource.news_rss     [0m | Feed Arab News returned no entries (bozo=1)
[32m2026-09-08 10:14:27[0m | [1mINFO    [0m | [36msource.news_rss     [0m | Fetched 439 events
[32m2026-09-08 10:14:28[0m | [1mINFO    [0m | [36msource.reddit       [0m | Fetched 25 events
[32m2026-09-08 10:14:39[0m | [33m[1mWARNING [0m | [36msource.gdelt        [0m | GDELT rate limited (domestic) — skipping this batch
[32m2026-09-08 10:14:49[0m | [33m[1mWARNING [0m | [36msource.gdelt        [0m | GDELT malaysia_interest non-JSON: Your query was too short or too long.
[32m2026-09-08 10:15:01[0m | [33m[1mWARNING [0m | [36msource.gdelt        [0m | GDELT rate limited (malaysia_interest) — skipping this batch
[32m2026-09-08 10:15:14[0m | [33m[1mWARNING [0m | [36msource.gdelt        [0m | GDELT rate limited (malaysia_interest) — skipping this batch
[32m2026-09-08 10:15:27[0m | [33m[1mWARNING [0m | [36msource.gdelt        [0m | GDELT malaysia_interest non-JSON: Your query was too short or too long.
[32m2026-09-08 10:15:40[0m | [33m[1mWARNING [0m | [36msource.gdelt        [0m | GDELT rate limited (malaysia_interest) — skipping this batch
[32m2026-09-08 10:15:53[0m | [33m[1mWARNING [0m | [36msource.gdelt        [0m | GDELT rate limited (malaysia_interest) — skipping this batch
[32m2026-09-08 10:16:09[0m | [33m[1mWARNING [0m | [36msource.gdelt        [0m | GDELT rate limited (malaysia_interest) — skipping this batch
[32m2026-09-08 10:16:21[0m | [33m[1mWARNING [0m | [36msource.gdelt        [0m | GDELT rate limited (malaysia_interest) — skipping this batch
[32m2026-09-08 10:16:32[0m | [33m[1mWARNING [0m | [36msource.gdelt        [0m | GDELT malaysia_interest non-JSON: Your query was too short or too long.
[32m2026-09-08 10:16:43[0m | [33m[1mWARNING [0m | [36msource.gdelt        [0m | GDELT rate limited (malaysia_interest) — skipping this batch
[32m2026-09-08 10:16:44[0m | [1mINFO    [0m | [36msource.gdelt        [0m | Fetched 0 events
[32m2026-09-08 10:16:45[0m | [1mINFO    [0m | [36msource.parliament   [0m | Fetched 15 events
[32m2026-09-08 10:16:47[0m | [1mINFO    [0m | [36msource.court        [0m | Fetched 14 events
[32m2026-09-08 10:16:47[0m | [1mINFO    [0m | [36msource_aggregator   [0m | Aggregated 493 events from 5 sources
[32m2026-09-08 10:16:47[0m | [1mINFO    [0m | [36mcycle               [0m | Fetched 493 events
[32m2026-09-08 10:16:47[0m | [1mINFO    [0m | [36mforeign_events      [0m | Foreign events buffer: 459 within 24h (126 pruned)
[32m2026-09-08 10:16:47[0m | [1mINFO    [0m | [36msilence_detector    [0m | Tracking: INST-0006 [bill_reading] "MACC: Political Financing Bill should set clear penalties, ensure independent enforcement. &nbsp;KUALA LUMPUR, Sept 8 &mdash; The Political Financing Bill should set clear penalties for political part" importance=0.51
[32m2026-09-08 10:16:47[0m | [1mINFO    [0m | [36msilence_detector    [0m | Tracking: INST-0007 [high_court_ruling] "MACC: Political Financing Bill should set clear penalties, ensure independent enforcement. &nbsp;KUALA LUMPUR, Sept 8 &mdash; The Political Financing Bill should set clear penalties for political part" importance=0.41
[32m2026-09-08 10:16:47[0m | [1mINFO    [0m | [36msilence_detector    [0m | Tracking: INST-0008 [bill_reading] "Johor orders hunt for five feral dogs after girl mauled in Batu Pahat. JOHOR BAHRU, Sept 8 &mdash; The Johor government has directed a large-scale operation to hunt and capture five feral dog..." importance=0.46
[32m2026-09-08 10:16:47[0m | [1mINFO    [0m | [36msilence_detector    [0m | Tracking: INST-0009 [bill_reading] "Johari: Parliamentary Service Act gives Parliament greater scope to strengthen oversight of government. &nbsp;CAMERON HIGHLANDS, Sept 8 &mdash;&nbsp;The implementation of the Parliamentary Service Act" importance=0.46
[32m2026-09-08 10:16:47[0m | [1mINFO    [0m | [36msilence_detector    [0m | Tracking: INST-0010 [high_court_ruling] "Brothers get High Court leave to challenge DBKL approval for 39-storey towers near their Old Klang Road home. KUALA LUMPUR, Sept 8 &mdash; Two brothers have obtained High Court permission to challenge" importance=0.36
[32m2026-09-08 10:16:47[0m | [1mINFO    [0m | [36msilence_detector    [0m | Tracking: INST-0011 [high_court_ruling] "Former minister released on MACC bail over Tabung Haji RCI probe, chief commissioner confirms. PUTRAJAYA, Sept 8 &mdash; A former minister who was remanded over an investigation linked to the findings" importance=0.41
[32m2026-09-08 10:16:47[0m | [1mINFO    [0m | [36msilence_detector    [0m | Tracking: INST-0012 [high_court_ruling] "IBS classrooms to ease overcrowding in Melaka schools, says deputy education minister. MELAKA, Sept 8 &mdash; The construction of additional classrooms using the Industrialised Building System (IBS) w" importance=0.31
[32m2026-09-08 10:16:47[0m | [1mINFO    [0m | [36msilence_detector    [0m | Tracking: INST-0013 [bill_reading] "Contractor fined RM20,000 after pleading guilty to using fake documents for RM5m Felda project. JOHOR BAHRU, Sept 8 — A 50-year-old contractor was fined RM20,000 by the Sessions Court here today after" importance=0.48
[32m2026-09-08 10:16:47[0m | [1mINFO    [0m | [36msilence_detector    [0m | Tracking: INST-0014 [high_court_ruling] "Contractor fined RM20,000 after pleading guilty to using fake documents for RM5m Felda project. JOHOR BAHRU, Sept 8 — A 50-year-old contractor was fined RM20,000 by the Sessions Court here today after" importance=0.38
[32m2026-09-08 10:16:47[0m | [1mINFO    [0m | [36msilence_detector    [0m | Tracking: INST-0015 [bill_reading] "Sungai Perak blue water caused by rain, minerals and changes in water flow, state assembly told. IPOH, Sept 8 &mdash; The phenomenon of Sungai Perak turning blue was caused by the interaction of sever" importance=0.41
[32m2026-09-08 10:16:47[0m | [1mINFO    [0m | [36msilence_detector    [0m | Tracking: INST-0016 [bill_reading] "Anwar: Asean haze mechanism needs stronger action, Malaysia won’t shield firms. PUTRAJAYA, Sept 8 &mdash; Prime Minister Datuk Seri Anwar Ibrahim today said there was room to improve the existing Asea" importance=0.46
[32m2026-09-08 10:16:47[0m | [1mINFO    [0m | [36msilence_detector    [0m | Tracking: INST-0017 [bill_reading] "Anwar demands tangible impact from government spending. PUTRAJAYA, Sept 8 &mdash; Prime Minister Datuk Seri Anwar Ibrahim has urged government administrators to fast-track the..." importance=0.46
[32m2026-09-08 10:16:47[0m | [1mINFO    [0m | [36msilence_detector    [0m | Tracking: INST-0018 [bill_reading] "No private land acquisition for Ipoh Sentral so far, says Perak MB. IPOH, Sept 8 &mdash; No land acquisition involving individual landowners has been carried out so far for the RM6.25 bill..." importance=0.61
[32m2026-09-08 10:16:47[0m | [1mINFO    [0m | [36msilence_detector    [0m | Tracking: INST-0019 [high_court_ruling] "Vape group urges legal clarity after High Court ruling on liquid nicotine. KUALA LUMPUR, Sept 8 &mdash; The Malaysian Organisation of Vape Entity (MOVE) has called for urgent legal and regulatory..." importance=0.41
[32m2026-09-08 10:16:47[0m | [1mINFO    [0m | [36msilence_detector    [0m | Tracking: INST-0020 [bill_reading] "Bursa ends nearly flat with construction stocks attract buying. At 5 pm, the FTSE Bursa Malaysia KLCI (FBM KLCI) eased 0.39 of a point to 1,714.40 from Monday’s close of 1,714.79." importance=0.46
[32m2026-09-08 10:16:47[0m | [1mINFO    [0m | [36msilence_detector    [0m | Tracking: INST-0021 [bill_reading] "Pisa 2025: Sains, bacaan meningkat tetapi matematik merosot. Menteri Pendidikan Fadhlina Sidek umum domain utama sains catat 419 mata, bacaan 393 dan matematik 397." importance=0.41
[32m2026-09-08 10:16:47[0m | [1mINFO    [0m | [36msilence_detector    [0m | Tracking: INST-0022 [court_of_appeal_ruling] "Rayuan lelaki buat amang seksual gagal, hukuman penjara tambah jadi 20 tahun. Mahkamah Rayuan tambah hukuman itu sebagai amaran kepada perayu dan masyarakat awam supaya tidak pandang ringan sebarang k" importance=0.46
[32m2026-09-08 10:16:47[0m | [1mINFO    [0m | [36msilence_detector    [0m | Tracking: INST-0023 [statutory_instrument] "Johor govt denies link to statutory body chairman nabbed for suspected graft. State housing and local government committee chairman Jafni Shukor hopes the public will refrain from speculating or linki" importance=0.30
[32m2026-09-08 10:16:47[0m | [1mINFO    [0m | [36msilence_detector    [0m | Tracking: INST-0024 [high_court_ruling] "Zahid proposes Malay Education Mobility Index. The proposed index will measure whether education improves a person’s social and economic mobility." importance=0.36
[32m2026-09-08 10:16:47[0m | [1mINFO    [0m | [36msilence_detector    [0m | Tracking: INST-0025 [high_court_ruling] "Pegawai kanan perubatan direman berkait urusan bekal implan lutut RM1.5 juta. Penjawat awam berusia 50an itu ditahan petang semalam ketika hadir memberi keterangan di pejabat SPRM Melaka." importance=0.39
[32m2026-09-08 10:16:47[0m | [1mINFO    [0m | [36msilence_detector    [0m | Tracking: INST-0026 [bill_reading] "Chow told to table bill on equal allocations for constituencies in Penang. DAP secretary-general Loke Siew Fook says a CDF law will ensure fair, equal treatment for assemblymen in Penang, regardless o" importance=0.46
[32m2026-09-08 10:16:47[0m | [1mINFO    [0m | [36msilence_detector    [0m | Tracking: INST-0027 [bill_reading] "Nepalis mark a year since deadly protests that toppled government. Young Nepalis gather at Kathmandu's burnt-out parliament to honour those killed in the 2025 protests." importance=0.46
[32m2026-09-08 10:16:47[0m | [1mINFO    [0m | [36msilence_detector    [0m | Tracking: INST-0028 [high_court_ruling] "Zahid cadang Indeks Mobiliti Pendidikan Melayu. Indeks itu dicadang mengukur sejauh mana pendidikan mampu meningkatkan mobiliti sosial dan ekonomi seseorang hingga ke alam pekerjaan." importance=0.36
[32m2026-09-08 10:16:47[0m | [1mINFO    [0m | [36msilence_detector    [0m | Tracking: INST-0029 [federal_court_ruling] "Keluarga pemilik pub gagal rayu penolakan saman berkait kematiannya. Mahkamah Persekutuan memutuskan keluarga K Gobala Guru gagal memenuhi syarat undang-undang untuk rayuan mereka didengar." importance=0.56
[32m2026-09-08 10:16:47[0m | [1mINFO    [0m | [36msilence_detector    [0m | Tracking: INST-0030 [federal_court_ruling] "Pub owner’s family loses bid to appeal dismissal of unlawful murder suit. Federal Court holds that K Gobala Guru's family did not satisfy the legal requirements for their appeal to be heard." importance=0.56
[32m2026-09-08 10:16:47[0m | [1mINFO    [0m | [36msilence_detector    [0m | Tracking: INST-0031 [bill_reading] "Selangor to record more than RM100bil investment value in 2026, says MB. Amirudin Shari says the state recorded about RM70 billion in investments up to mid-year, and that the investment trend has been" importance=0.61
[32m2026-09-08 10:16:47[0m | [1mINFO    [0m | [36msilence_detector    [0m | Tracking: INST-0032 [bill_reading] "Azalina urges parties to formally state stand on political finance bill. Law and institutional reform minister says official responses will help the government determine which parties support or oppos" importance=0.46
[32m2026-09-08 10:16:47[0m | [1mINFO    [0m | [36msilence_detector    [0m | Tracking: INST-0033 [high_court_ruling] "Pengguna FB gagal tangguh bayaran RM300,000 kepada mufti Perlis. Mahkamah Tinggi bagaimanapun membenarkan Nawawi Abdul Razak menangguhkan permohonan maaf kepada Asri Zainul Abidin sementara menunggu k" importance=0.42
[32m2026-09-08 10:16:47[0m | [1mINFO    [0m | [36msilence_detector    [0m | Tracking: INST-0034 [high_court_ruling] "Court rejects FB user’s bid to stay RM300,000 defamation payout to Perlis mufti. High Court, however, allows Nawawi Abdul Razak to postpone his apology to Asri Zainul Abidin pending the outcome of his" importance=0.42
[32m2026-09-08 10:16:47[0m | [1mINFO    [0m | [36mcycle               [0m | Streams processed: {'polarization': 'ok', 'cascade_tracker': 'ok', 'volume_monitor': 'ok', 'narrative_fragmentation': 'ok', 'network_bridge': 'ok', 'silence_detector': 'ok'}
[32m2026-09-08 10:16:47[0m | [1mINFO    [0m | [36mcycle               [0m | Matched 30 config keywords in events. Top: [('malay', 40), ('government', 38), ('minister', 35), ('india', 29), ('isa', 22), ('chinese', 21), ('pas', 20), ('prime minister', 18), ('parliament', 13), ('race', 12)]
[32m2026-09-08 10:16:47[0m | [1mINFO    [0m | [36mcycle               [0m | Silence detector: 27 events monitored, 27 flagged
[32m2026-09-08 10:16:47[0m | [1mINFO    [0m | [36mfusion              [0m | Archived 1 low-score topics
[32m2026-09-08 10:16:47[0m | [1mINFO    [0m | [36mcycle               [0m | Issue queue: 9711 active topics
[32m2026-09-08 10:16:47[0m | [1mINFO    [0m | [36moutput              [0m | 1117 active issues, 8590 new, 8595 pruned
[32m2026-09-08 10:16:47[0m | [1mINFO    [0m | [36mstate               [0m | Loaded state from /home/runner/work/tessera/tessera/radar/output/state.json
[32m2026-09-08 10:17:17[0m | [1mINFO    [0m | [36mcycle               [0m | Predictions: days_of_data=140  hmm=OK/63  cox=RT/1117  sarima=RT/1117
[32m2026-09-08 10:17:18[0m | [1mINFO    [0m | [36mcycle               [0m | Silence watch: 25 picks over threshold (queue=1117)
[32m2026-09-08 10:17:18[0m | [1mINFO    [0m | [36mcycle               [0m | Cycle complete. 9711 active topics. Top: parliament budget session session opens (score: 0.99)
